mode: set
github.com/vault-pro/backend/internal/service/dashboard/dashboard_service.go:25.126,27.2 1 1
github.com/vault-pro/backend/internal/service/dashboard/dashboard_service.go:29.84,31.16 2 1
github.com/vault-pro/backend/internal/service/dashboard/dashboard_service.go:31.16,33.3 1 0
github.com/vault-pro/backend/internal/service/dashboard/dashboard_service.go:35.2,40.31 2 1
github.com/vault-pro/backend/internal/service/dashboard/dashboard_service.go:40.31,43.3 2 1
github.com/vault-pro/backend/internal/service/dashboard/dashboard_service.go:45.2,45.21 1 1
github.com/vault-pro/backend/internal/service/dashboard/dashboard_service.go:48.121,50.16 2 1
github.com/vault-pro/backend/internal/service/dashboard/dashboard_service.go:50.16,52.3 1 0
github.com/vault-pro/backend/internal/service/dashboard/dashboard_service.go:54.2,55.25 2 1
github.com/vault-pro/backend/internal/service/dashboard/dashboard_service.go:55.25,56.31 1 1
github.com/vault-pro/backend/internal/service/dashboard/dashboard_service.go:56.31,58.22 2 1
github.com/vault-pro/backend/internal/service/dashboard/dashboard_service.go:58.22,60.5 1 0
github.com/vault-pro/backend/internal/service/dashboard/dashboard_service.go:61.4,61.58 1 1
github.com/vault-pro/backend/internal/service/dashboard/dashboard_service.go:65.2,65.22 1 1
github.com/vault-pro/backend/internal/repository/account_repository.go:21.58,23.2 1 1
github.com/vault-pro/backend/internal/repository/account_repository.go:25.66,27.2 1 0
github.com/vault-pro/backend/internal/repository/account_repository.go:29.85,33.2 3 1
github.com/vault-pro/backend/internal/repository/account_repository.go:35.118,39.2 3 0
github.com/vault-pro/backend/internal/repository/account_repository.go:41.66,43.2 1 1
github.com/vault-pro/backend/internal/repository/account_repository.go:45.76,49.2 3 0
github.com/vault-pro/backend/internal/repository/investment_repository.go:21.64,23.2 1 0
github.com/vault-pro/backend/internal/repository/investment_repository.go:25.68,27.2 1 0
github.com/vault-pro/backend/internal/repository/investment_repository.go:29.91,33.2 3 0
github.com/vault-pro/backend/internal/repository/investment_repository.go:35.82,39.2 3 0
github.com/vault-pro/backend/internal/repository/investment_repository.go:41.105,45.2 3 0
github.com/vault-pro/backend/internal/repository/investment_repository.go:47.68,49.2 1 0
github.com/vault-pro/backend/internal/repository/subscription_repository.go:21.68,23.2 1 0
github.com/vault-pro/backend/internal/repository/subscription_repository.go:25.72,27.2 1 0
github.com/vault-pro/backend/internal/repository/subscription_repository.go:29.95,33.2 3 0
github.com/vault-pro/backend/internal/repository/subscription_repository.go:35.86,39.2 3 0
github.com/vault-pro/backend/internal/repository/subscription_repository.go:41.72,43.2 1 0
github.com/vault-pro/backend/internal/repository/subscription_repository.go:45.61,47.2 1 0
github.com/vault-pro/backend/internal/repository/transaction_repository.go:22.67,24.3 1 0
github.com/vault-pro/backend/internal/repository/transaction_repository.go:26.70,28.3 1 0
github.com/vault-pro/backend/internal/repository/transaction_repository.go:30.76,32.3 1 0
github.com/vault-pro/backend/internal/repository/transaction_repository.go:34.70,36.3 1 0
github.com/vault-pro/backend/internal/repository/transaction_repository.go:39.110,43.15 3 0
github.com/vault-pro/backend/internal/repository/transaction_repository.go:43.15,45.3 1 0
github.com/vault-pro/backend/internal/repository/transaction_repository.go:46.2,46.14 1 0
github.com/vault-pro/backend/internal/repository/transaction_repository.go:46.14,48.3 1 0
github.com/vault-pro/backend/internal/repository/transaction_repository.go:50.2,51.26 2 0
github.com/vault-pro/backend/internal/repository/transaction_repository.go:54.84,58.2 3 0
github.com/vault-pro/backend/internal/repository/transaction_repository.go:60.60,62.2 1 0
github.com/vault-pro/backend/internal/repository/user_repository.go:19.52,21.2 1 0
github.com/vault-pro/backend/internal/repository/user_repository.go:23.57,25.2 1 0
github.com/vault-pro/backend/internal/repository/user_repository.go:27.73,31.2 3 0
github.com/vault-pro/backend/internal/repository/user_repository.go:33.70,37.2 3 0
github.com/vault-pro/backend/internal/service/investment/investment_service.go:25.182,27.2 1 1
github.com/vault-pro/backend/internal/service/investment/investment_service.go:29.169,33.52 3 1
github.com/vault-pro/backend/internal/service/investment/investment_service.go:33.52,36.17 2 1
github.com/vault-pro/backend/internal/service/investment/investment_service.go:36.17,38.4 1 1
github.com/vault-pro/backend/internal/service/investment/investment_service.go:39.3,39.27 1 1
github.com/vault-pro/backend/internal/service/investment/investment_service.go:39.27,41.4 1 1
github.com/vault-pro/backend/internal/service/investment/investment_service.go:43.3,44.51 2 1
github.com/vault-pro/backend/internal/service/investment/investment_service.go:44.51,46.4 1 0
github.com/vault-pro/backend/internal/service/investment/investment_service.go:49.3,57.51 2 1
github.com/vault-pro/backend/internal/service/investment/investment_service.go:57.51,59.4 1 0
github.com/vault-pro/backend/internal/service/investment/investment_service.go:62.3,63.60 2 1
github.com/vault-pro/backend/internal/service/investment/investment_service.go:63.60,65.4 1 0
github.com/vault-pro/backend/internal/service/investment/investment_service.go:67.3,67.55 1 1
github.com/vault-pro/backend/internal/service/investment/investment_service.go:67.55,70.31 2 1
github.com/vault-pro/backend/internal/service/investment/investment_service.go:70.31,74.5 2 1
github.com/vault-pro/backend/internal/service/investment/investment_service.go:75.4,76.56 2 1
github.com/vault-pro/backend/internal/service/investment/investment_service.go:76.56,78.5 1 0
github.com/vault-pro/backend/internal/service/investment/investment_service.go:79.4,79.21 1 1
github.com/vault-pro/backend/internal/service/investment/investment_service.go:80.9,91.48 2 1
github.com/vault-pro/backend/internal/service/investment/investment_service.go:91.48,93.5 1 0
github.com/vault-pro/backend/internal/service/investment/investment_service.go:96.3,96.13 1 1
github.com/vault-pro/backend/internal/service/investment/investment_service.go:99.2,99.17 1 1
github.com/vault-pro/backend/internal/service/investment/investment_service.go:102.90,104.2 1 1
github.com/vault-pro/backend/internal/service/transaction/transaction_service.go:49.143,55.2 1 1
github.com/vault-pro/backend/internal/service/transaction/transaction_service.go:58.111,59.52 1 1
github.com/vault-pro/backend/internal/service/transaction/transaction_service.go:59.52,60.61 1 1
github.com/vault-pro/backend/internal/service/transaction/transaction_service.go:60.61,62.18 2 1
github.com/vault-pro/backend/internal/service/transaction/transaction_service.go:62.18,70.53 2 0
github.com/vault-pro/backend/internal/service/transaction/transaction_service.go:70.53,72.6 1 0
github.com/vault-pro/backend/internal/service/transaction/transaction_service.go:75.4,78.52 3 1
github.com/vault-pro/backend/internal/service/transaction/transaction_service.go:78.52,80.5 1 0
github.com/vault-pro/backend/internal/service/transaction/transaction_service.go:82.4,91.52 2 1
github.com/vault-pro/backend/internal/service/transaction/transaction_service.go:91.52,93.5 1 0
github.com/vault-pro/backend/internal/service/transaction/transaction_service.go:95.3,95.13 1 1
github.com/vault-pro/backend/internal/service/transaction/transaction_service.go:100.133,101.52 1 1
github.com/vault-pro/backend/internal/service/transaction/transaction_service.go:101.52,102.65 1 1
github.com/vault-pro/backend/internal/service/transaction/transaction_service.go:102.65,104.4 1 0
github.com/vault-pro/backend/internal/service/transaction/transaction_service.go:106.3,106.81 1 1
github.com/vault-pro/backend/internal/service/transaction/transaction_service.go:106.81,108.4 1 0
github.com/vault-pro/backend/internal/service/transaction/transaction_service.go:110.3,118.35 2 1
github.com/vault-pro/backend/internal/service/transaction/transaction_service.go:123.138,124.52 1 1
github.com/vault-pro/backend/internal/service/transaction/transaction_service.go:124.52,125.69 1 1
github.com/vault-pro/backend/internal/service/transaction/transaction_service.go:125.69,127.4 1 0
github.com/vault-pro/backend/internal/service/transaction/transaction_service.go:128.3,128.67 1 1
github.com/vault-pro/backend/internal/service/transaction/transaction_service.go:128.67,130.4 1 0
github.com/vault-pro/backend/internal/service/transaction/transaction_service.go:132.3,132.95 1 1
github.com/vault-pro/backend/internal/service/transaction/transaction_service.go:132.95,134.4 1 0
github.com/vault-pro/backend/internal/service/transaction/transaction_service.go:136.3,144.35 2 1
github.com/vault-pro/backend/internal/service/transaction/transaction_service.go:149.110,151.2 1 0
github.com/vault-pro/backend/internal/service/transaction/transaction_service.go:154.135,155.52 1 0
github.com/vault-pro/backend/internal/service/transaction/transaction_service.go:155.52,157.17 2 0
github.com/vault-pro/backend/internal/service/transaction/transaction_service.go:157.17,159.4 1 0
github.com/vault-pro/backend/internal/service/transaction/transaction_service.go:162.3,162.31 1 0
github.com/vault-pro/backend/internal/service/transaction/transaction_service.go:162.31,164.92 2 0
github.com/vault-pro/backend/internal/service/transaction/transaction_service.go:164.92,166.5 1 0
github.com/vault-pro/backend/internal/service/transaction/transaction_service.go:167.4,167.22 1 0
github.com/vault-pro/backend/internal/service/transaction/transaction_service.go:170.3,173.29 3 0
github.com/vault-pro/backend/internal/service/transaction/transaction_service.go:178.88,179.52 1 0
github.com/vault-pro/backend/internal/service/transaction/transaction_service.go:179.52,181.17 2 0
github.com/vault-pro/backend/internal/service/transaction/transaction_service.go:181.17,183.4 1 0
github.com/vault-pro/backend/internal/service/transaction/transaction_service.go:186.3,187.101 2 0
github.com/vault-pro/backend/internal/service/transaction/transaction_service.go:187.101,189.4 1 0
github.com/vault-pro/backend/internal/service/transaction/transaction_service.go:191.3,191.31 1 0
github.com/vault-pro/backend/internal/service/transaction/transaction_service.go:196.108,197.52 1 0
github.com/vault-pro/backend/internal/service/transaction/transaction_service.go:197.52,201.35 3 0
github.com/vault-pro/backend/internal/service/transaction/transaction_service.go:201.35,202.52 1 0
github.com/vault-pro/backend/internal/service/transaction/transaction_service.go:202.52,204.5 1 0
github.com/vault-pro/backend/internal/service/transaction/transaction_service.go:206.4,208.31 3 0
github.com/vault-pro/backend/internal/service/transaction/transaction_service.go:208.31,210.5 1 0
github.com/vault-pro/backend/internal/service/transaction/transaction_service.go:212.4,212.19 1 0
github.com/vault-pro/backend/internal/service/transaction/transaction_service.go:213.22,214.33 1 0
github.com/vault-pro/backend/internal/service/transaction/transaction_service.go:214.33,216.6 1 0
github.com/vault-pro/backend/internal/service/transaction/transaction_service.go:217.5,217.87 1 0
github.com/vault-pro/backend/internal/service/transaction/transaction_service.go:219.23,220.33 1 0
github.com/vault-pro/backend/internal/service/transaction/transaction_service.go:220.33,222.6 1 0
github.com/vault-pro/backend/internal/service/transaction/transaction_service.go:223.5,223.87 1 0
github.com/vault-pro/backend/internal/service/transaction/transaction_service.go:225.24,226.97 1 0
github.com/vault-pro/backend/internal/service/transaction/transaction_service.go:226.97,228.6 1 0
github.com/vault-pro/backend/internal/service/transaction/transaction_service.go:229.5,230.101 2 0
github.com/vault-pro/backend/internal/service/transaction/transaction_service.go:232.12,233.37 1 0
github.com/vault-pro/backend/internal/service/transaction/transaction_service.go:236.4,236.43 1 0
github.com/vault-pro/backend/internal/service/transaction/transaction_service.go:240.3,240.50 1 0
github.com/vault-pro/backend/internal/service/transaction/transaction_service.go:240.50,241.20 1 0
github.com/vault-pro/backend/internal/service/transaction/transaction_service.go:241.20,242.13 1 0
github.com/vault-pro/backend/internal/service/transaction/transaction_service.go:245.4,246.18 2 0
github.com/vault-pro/backend/internal/service/transaction/transaction_service.go:246.18,248.5 1 0
github.com/vault-pro/backend/internal/service/transaction/transaction_service.go:250.4,251.52 2 0
github.com/vault-pro/backend/internal/service/transaction/transaction_service.go:251.52,253.5 1 0
github.com/vault-pro/backend/internal/service/transaction/transaction_service.go:256.3,256.25 1 0
github.com/vault-pro/backend/internal/service/transaction/transaction_service.go:256.25,258.4 1 0
github.com/vault-pro/backend/internal/service/transaction/transaction_service.go:259.3,259.13 1 0
github.com/vault-pro/backend/internal/service/transaction/transaction_service.go:266.99,268.16 2 1
github.com/vault-pro/backend/internal/service/transaction/transaction_service.go:268.16,270.3 1 0
github.com/vault-pro/backend/internal/service/transaction/transaction_service.go:271.2,271.26 1 1
github.com/vault-pro/backend/internal/service/transaction/transaction_service.go:271.26,273.3 1 0
github.com/vault-pro/backend/internal/service/transaction/transaction_service.go:274.2,274.17 1 1
github.com/vault-pro/backend/internal/service/transaction/transaction_service.go:278.102,280.16 2 0
github.com/vault-pro/backend/internal/service/transaction/transaction_service.go:280.16,282.3 1 0
github.com/vault-pro/backend/internal/service/transaction/transaction_service.go:283.2,283.25 1 0
github.com/vault-pro/backend/internal/service/transaction/transaction_service.go:283.25,285.3 1 0
github.com/vault-pro/backend/internal/service/transaction/transaction_service.go:286.2,286.16 1 0
github.com/vault-pro/backend/internal/service/transaction/transaction_service.go:292.154,294.16 2 1
github.com/vault-pro/backend/internal/service/transaction/transaction_service.go:294.16,296.3 1 0
github.com/vault-pro/backend/internal/service/transaction/transaction_service.go:298.2,298.16 1 1
github.com/vault-pro/backend/internal/service/transaction/transaction_service.go:299.20,300.40 1 0
github.com/vault-pro/backend/internal/service/transaction/transaction_service.go:301.37,302.40 1 1
github.com/vault-pro/backend/internal/service/transaction/transaction_service.go:305.2,305.50 1 1
github.com/vault-pro/backend/internal/service/transaction/transaction_service.go:305.50,307.3 1 0
github.com/vault-pro/backend/internal/service/transaction/transaction_service.go:310.2,310.56 1 1
github.com/vault-pro/backend/internal/service/transaction/transaction_service.go:310.56,312.17 2 1
github.com/vault-pro/backend/internal/service/transaction/transaction_service.go:312.17,314.4 1 0
github.com/vault-pro/backend/internal/service/transaction/transaction_service.go:315.3,316.57 2 1
github.com/vault-pro/backend/internal/service/transaction/transaction_service.go:316.57,318.4 1 0
github.com/vault-pro/backend/internal/service/transaction/transaction_service.go:321.2,321.12 1 1
github.com/vault-pro/backend/internal/handler/transaction/transaction.go:18.68,20.2 1 1
github.com/vault-pro/backend/internal/handler/transaction/transaction.go:22.54,28.2 5 0
github.com/vault-pro/backend/internal/handler/transaction/transaction.go:50.42,60.16 7 1
github.com/vault-pro/backend/internal/handler/transaction/transaction.go:60.16,63.3 2 0
github.com/vault-pro/backend/internal/handler/transaction/transaction.go:65.2,65.69 1 1
github.com/vault-pro/backend/internal/handler/transaction/transaction.go:68.42,71.47 3 1
github.com/vault-pro/backend/internal/handler/transaction/transaction.go:71.47,74.3 2 0
github.com/vault-pro/backend/internal/handler/transaction/transaction.go:76.2,77.18 2 1
github.com/vault-pro/backend/internal/handler/transaction/transaction.go:78.20,79.86 1 1
github.com/vault-pro/backend/internal/handler/transaction/transaction.go:80.21,81.32 1 1
github.com/vault-pro/backend/internal/handler/transaction/transaction.go:81.32,84.4 2 0
github.com/vault-pro/backend/internal/handler/transaction/transaction.go:85.3,85.102 1 1
github.com/vault-pro/backend/internal/handler/transaction/transaction.go:86.22,87.62 1 0
github.com/vault-pro/backend/internal/handler/transaction/transaction.go:87.62,90.4 2 0
github.com/vault-pro/backend/internal/handler/transaction/transaction.go:91.3,91.108 1 0
github.com/vault-pro/backend/internal/handler/transaction/transaction.go:92.10,94.9 2 0
github.com/vault-pro/backend/internal/handler/transaction/transaction.go:97.2,97.16 1 1
github.com/vault-pro/backend/internal/handler/transaction/transaction.go:97.16,100.3 2 0
github.com/vault-pro/backend/internal/handler/transaction/transaction.go:102.2,102.99 1 1
github.com/vault-pro/backend/internal/handler/transaction/transaction.go:105.46,108.47 3 0
github.com/vault-pro/backend/internal/handler/transaction/transaction.go:108.47,111.3 2 0
github.com/vault-pro/backend/internal/handler/transaction/transaction.go:113.2,114.16 2 0
github.com/vault-pro/backend/internal/handler/transaction/transaction.go:114.16,117.3 2 0
github.com/vault-pro/backend/internal/handler/transaction/transaction.go:119.2,119.105 1 0
github.com/vault-pro/backend/internal/handler/transaction/transaction.go:123.42,127.16 4 0
github.com/vault-pro/backend/internal/handler/transaction/transaction.go:127.16,130.3 2 0
github.com/vault-pro/backend/internal/handler/transaction/transaction.go:132.2,133.47 2 0
github.com/vault-pro/backend/internal/handler/transaction/transaction.go:133.47,136.3 2 0
github.com/vault-pro/backend/internal/handler/transaction/transaction.go:138.2,139.16 2 0
github.com/vault-pro/backend/internal/handler/transaction/transaction.go:139.16,142.3 2 0
github.com/vault-pro/backend/internal/handler/transaction/transaction.go:144.2,144.94 1 0
github.com/vault-pro/backend/internal/handler/transaction/transaction.go:147.42,151.16 4 0
github.com/vault-pro/backend/internal/handler/transaction/transaction.go:151.16,154.3 2 0
github.com/vault-pro/backend/internal/handler/transaction/transaction.go:156.2,157.16 2 0
github.com/vault-pro/backend/internal/handler/transaction/transaction.go:157.16,160.3 2 0
github.com/vault-pro/backend/internal/handler/transaction/transaction.go:162.2,162.94 1 0
github.com/vault-pro/backend/pkg/utils/auth.go:18.90,20.16 2 1
github.com/vault-pro/backend/pkg/utils/auth.go:20.16,22.3 1 0
github.com/vault-pro/backend/pkg/utils/auth.go:23.2,24.16 2 1
github.com/vault-pro/backend/pkg/utils/auth.go:24.16,26.3 1 0
github.com/vault-pro/backend/pkg/utils/auth.go:28.2,32.8 1 1
github.com/vault-pro/backend/pkg/utils/auth.go:41.52,44.2 2 1
github.com/vault-pro/backend/pkg/utils/auth.go:47.52,50.2 2 1
github.com/vault-pro/backend/pkg/utils/auth.go:52.78,65.2 4 1
github.com/vault-pro/backend/pkg/utils/auth.go:67.79,80.2 4 1
github.com/vault-pro/backend/pkg/utils/auth.go:82.75,83.104 1 1
github.com/vault-pro/backend/pkg/utils/auth.go:83.104,85.3 1 1
github.com/vault-pro/backend/pkg/utils/auth.go:87.2,87.16 1 1
github.com/vault-pro/backend/pkg/utils/auth.go:87.16,89.3 1 1
github.com/vault-pro/backend/pkg/utils/auth.go:91.2,92.25 2 1
github.com/vault-pro/backend/pkg/utils/auth.go:92.25,94.3 1 0
github.com/vault-pro/backend/pkg/utils/auth.go:96.2,96.20 1 1
github.com/vault-pro/backend/pkg/utils/database.go:16.42,24.16 3 0
github.com/vault-pro/backend/pkg/utils/database.go:24.16,26.3 1 0
github.com/vault-pro/backend/pkg/utils/database.go:28.2,39.16 4 0
github.com/vault-pro/backend/pkg/utils/database.go:39.16,41.3 1 0
github.com/vault-pro/backend/pkg/utils/database.go:41.8,43.3 1 0
github.com/vault-pro/backend/internal/handler/auth/auth.go:14.56,16.2 1 1
github.com/vault-pro/backend/internal/handler/auth/auth.go:18.86,23.2 4 0
github.com/vault-pro/backend/internal/handler/auth/auth.go:36.44,38.47 2 1
github.com/vault-pro/backend/internal/handler/auth/auth.go:38.47,41.3 2 0
github.com/vault-pro/backend/internal/handler/auth/auth.go:43.2,44.16 2 1
github.com/vault-pro/backend/internal/handler/auth/auth.go:44.16,47.3 2 0
github.com/vault-pro/backend/internal/handler/auth/auth.go:49.2,57.4 1 1
github.com/vault-pro/backend/internal/handler/auth/auth.go:60.41,62.47 2 1
github.com/vault-pro/backend/internal/handler/auth/auth.go:62.47,65.3 2 0
github.com/vault-pro/backend/internal/handler/auth/auth.go:67.2,68.16 2 1
github.com/vault-pro/backend/internal/handler/auth/auth.go:68.16,71.3 2 0
github.com/vault-pro/backend/internal/handler/auth/auth.go:74.2,83.4 3 1
github.com/vault-pro/backend/internal/handler/auth/auth.go:86.43,88.16 2 0
github.com/vault-pro/backend/internal/handler/auth/auth.go:88.16,91.3 2 0
github.com/vault-pro/backend/internal/handler/auth/auth.go:93.2,94.16 2 0
github.com/vault-pro/backend/internal/handler/auth/auth.go:94.16,97.3 2 0
github.com/vault-pro/backend/internal/handler/auth/auth.go:100.2,109.4 3 0
github.com/vault-pro/backend/internal/handler/auth/auth.go:112.38,123.2 2 0
github.com/vault-pro/backend/internal/service/user/user_service.go:24.103,26.2 1 1
github.com/vault-pro/backend/internal/service/user/user_service.go:28.80,30.16 2 0
github.com/vault-pro/backend/internal/service/user/user_service.go:30.16,32.3 1 0
github.com/vault-pro/backend/internal/service/user/user_service.go:34.2,35.16 2 0
github.com/vault-pro/backend/internal/service/user/user_service.go:35.16,37.3 1 0
github.com/vault-pro/backend/internal/service/user/user_service.go:39.2,40.16 2 0
github.com/vault-pro/backend/internal/service/user/user_service.go:40.16,42.3 1 0
github.com/vault-pro/backend/internal/service/user/user_service.go:44.2,44.39 1 0
github.com/vault-pro/backend/internal/service/user/user_service.go:47.87,49.16 2 1
github.com/vault-pro/backend/internal/service/user/user_service.go:49.16,51.3 1 0
github.com/vault-pro/backend/internal/service/user/user_service.go:53.2,59.48 2 1
github.com/vault-pro/backend/internal/service/user/user_service.go:59.48,61.3 1 0
github.com/vault-pro/backend/internal/service/user/user_service.go:63.2,63.18 1 1
github.com/vault-pro/backend/internal/service/user/user_service.go:66.77,68.16 2 1
github.com/vault-pro/backend/internal/service/user/user_service.go:68.16,70.3 1 0
github.com/vault-pro/backend/internal/service/user/user_service.go:72.2,72.55 1 1
github.com/vault-pro/backend/internal/service/user/user_service.go:72.55,74.3 1 1
github.com/vault-pro/backend/internal/service/user/user_service.go:76.2,77.16 2 1
github.com/vault-pro/backend/internal/service/user/user_service.go:77.16,79.3 1 0
github.com/vault-pro/backend/internal/service/user/user_service.go:81.2,82.16 2 1
github.com/vault-pro/backend/internal/service/user/user_service.go:82.16,84.3 1 0
github.com/vault-pro/backend/internal/service/user/user_service.go:86.2,86.39 1 1
github.com/vault-pro/backend/internal/service/user/user_service.go:89.70,91.2 1 0
github.com/vault-pro/backend/internal/handler/dashboard/dashboard.go:17.71,19.2 1 0
github.com/vault-pro/backend/internal/handler/dashboard/dashboard.go:21.54,24.2 2 0
github.com/vault-pro/backend/internal/handler/dashboard/dashboard.go:26.46,29.16 3 0
github.com/vault-pro/backend/internal/handler/dashboard/dashboard.go:29.16,32.3 2 0
github.com/vault-pro/backend/internal/handler/dashboard/dashboard.go:34.2,34.64 1 0
github.com/vault-pro/backend/internal/handler/dashboard/dashboard.go:37.57,48.16 8 0
github.com/vault-pro/backend/internal/handler/dashboard/dashboard.go:48.16,51.3 2 0
github.com/vault-pro/backend/internal/handler/dashboard/dashboard.go:53.2,53.65 1 0
github.com/vault-pro/backend/internal/service/subscription/subscription_service.go:19.92,21.2 1 0
github.com/vault-pro/backend/internal/service/subscription/subscription_service.go:23.176,34.2 3 0
github.com/vault-pro/backend/internal/service/subscription/subscription_service.go:36.96,38.2 1 0
github.com/vault-pro/backend/internal/mocks/mocks.go:15.61,18.2 2 0
github.com/vault-pro/backend/internal/mocks/mocks.go:20.77,22.24 2 0
github.com/vault-pro/backend/internal/mocks/mocks.go:22.24,24.3 1 0
github.com/vault-pro/backend/internal/mocks/mocks.go:25.2,25.49 1 0
github.com/vault-pro/backend/internal/mocks/mocks.go:28.74,30.24 2 0
github.com/vault-pro/backend/internal/mocks/mocks.go:30.24,32.3 1 0
github.com/vault-pro/backend/internal/mocks/mocks.go:33.2,33.49 1 0
github.com/vault-pro/backend/internal/mocks/mocks.go:41.70,44.2 2 0
github.com/vault-pro/backend/internal/mocks/mocks.go:46.89,49.2 2 0
github.com/vault-pro/backend/internal/mocks/mocks.go:51.122,53.24 2 0
github.com/vault-pro/backend/internal/mocks/mocks.go:53.24,55.3 1 0
github.com/vault-pro/backend/internal/mocks/mocks.go:56.2,56.52 1 0
github.com/vault-pro/backend/internal/mocks/mocks.go:59.70,62.2 2 0
github.com/vault-pro/backend/internal/mocks/mocks.go:64.80,66.24 2 0
github.com/vault-pro/backend/internal/mocks/mocks.go:66.24,68.3 1 0
github.com/vault-pro/backend/internal/mocks/mocks.go:69.2,69.52 1 0
github.com/vault-pro/backend/internal/mocks/mocks.go:77.73,80.2 2 0
github.com/vault-pro/backend/internal/mocks/mocks.go:82.79,85.2 2 0
github.com/vault-pro/backend/internal/mocks/mocks.go:87.73,90.2 2 0
github.com/vault-pro/backend/internal/mocks/mocks.go:92.114,95.2 2 0
github.com/vault-pro/backend/internal/mocks/mocks.go:97.88,99.24 2 0
github.com/vault-pro/backend/internal/mocks/mocks.go:99.24,101.3 1 0
github.com/vault-pro/backend/internal/mocks/mocks.go:102.2,102.56 1 0
github.com/vault-pro/backend/internal/mocks/mocks.go:105.64,108.2 2 0
github.com/vault-pro/backend/internal/mocks/mocks.go:115.115,118.2 2 0
github.com/vault-pro/backend/internal/mocks/mocks.go:120.137,123.2 2 0
github.com/vault-pro/backend/internal/mocks/mocks.go:125.142,128.2 2 0
github.com/vault-pro/backend/internal/mocks/mocks.go:130.114,133.2 2 0
github.com/vault-pro/backend/internal/mocks/mocks.go:135.139,138.2 2 0
github.com/vault-pro/backend/internal/mocks/mocks.go:140.92,143.2 2 0
github.com/vault-pro/backend/internal/mocks/mocks.go:145.112,148.2 2 0
github.com/vault-pro/backend/internal/mocks/mocks.go:155.91,157.24 2 0
github.com/vault-pro/backend/internal/mocks/mocks.go:157.24,159.3 1 0
github.com/vault-pro/backend/internal/mocks/mocks.go:160.2,160.49 1 0
github.com/vault-pro/backend/internal/mocks/mocks.go:163.81,166.2 2 0
github.com/vault-pro/backend/internal/mocks/mocks.go:168.84,171.2 2 0
github.com/vault-pro/backend/internal/mocks/mocks.go:173.74,175.24 2 0
github.com/vault-pro/backend/internal/mocks/mocks.go:175.24,177.3 1 0
github.com/vault-pro/backend/internal/mocks/mocks.go:178.2,178.49 1 0
github.com/vault-pro/backend/internal/middleware/auth_middleware.go:11.71,12.30 1 0
github.com/vault-pro/backend/internal/middleware/auth_middleware.go:12.30,14.23 2 0
github.com/vault-pro/backend/internal/middleware/auth_middleware.go:14.23,18.4 3 0
github.com/vault-pro/backend/internal/middleware/auth_middleware.go:20.3,21.46 2 0
github.com/vault-pro/backend/internal/middleware/auth_middleware.go:21.46,25.4 3 0
github.com/vault-pro/backend/internal/middleware/auth_middleware.go:27.3,28.17 2 0
github.com/vault-pro/backend/internal/middleware/auth_middleware.go:28.17,32.4 3 0
github.com/vault-pro/backend/internal/middleware/auth_middleware.go:35.3,36.11 2 0
github.com/vault-pro/backend/internal/server/server.go:30.51,39.2 3 0
github.com/vault-pro/backend/internal/server/server.go:41.32,44.16 2 0
github.com/vault-pro/backend/internal/server/server.go:44.16,46.3 1 0
github.com/vault-pro/backend/internal/server/server.go:49.2,70.41 16 0
github.com/vault-pro/backend/internal/server/server.go:70.41,74.3 1 0
github.com/vault-pro/backend/internal/server/server.go:77.2,79.2 3 0
github.com/vault-pro/backend/internal/server/server.go:79.2,94.3 10 0
github.com/vault-pro/backend/internal/server/server.go:97.30,100.2 2 0
github.com/vault-pro/backend/internal/config/config.go:23.27,25.40 1 0
github.com/vault-pro/backend/internal/config/config.go:25.40,27.3 1 0
github.com/vault-pro/backend/internal/config/config.go:29.2,40.3 1 0
github.com/vault-pro/backend/internal/config/config.go:43.42,44.40 1 0
github.com/vault-pro/backend/internal/config/config.go:44.40,46.3 1 0
github.com/vault-pro/backend/internal/config/config.go:47.2,47.17 1 0
github.com/vault-pro/backend/internal/handler/subscription/subscription.go:16.71,18.2 1 0
github.com/vault-pro/backend/internal/handler/subscription/subscription.go:20.54,23.2 2 0
github.com/vault-pro/backend/internal/handler/subscription/subscription.go:32.42,35.16 3 0
github.com/vault-pro/backend/internal/handler/subscription/subscription.go:35.16,38.3 2 0
github.com/vault-pro/backend/internal/handler/subscription/subscription.go:40.2,40.61 1 0
github.com/vault-pro/backend/internal/handler/subscription/subscription.go:43.42,46.47 3 0
github.com/vault-pro/backend/internal/handler/subscription/subscription.go:46.47,49.3 2 0
github.com/vault-pro/backend/internal/handler/subscription/subscription.go:51.2,52.16 2 0
github.com/vault-pro/backend/internal/handler/subscription/subscription.go:52.16,55.3 2 0
github.com/vault-pro/backend/internal/handler/subscription/subscription.go:57.2,57.113 1 0
github.com/vault-pro/backend/internal/model/account.go:33.57,34.22 1 0
github.com/vault-pro/backend/internal/model/account.go:34.22,36.3 1 0
github.com/vault-pro/backend/internal/model/account.go:37.2,37.8 1 0
github.com/vault-pro/backend/internal/model/investment.go:25.60,26.22 1 0
github.com/vault-pro/backend/internal/model/investment.go:26.22,28.3 1 0
github.com/vault-pro/backend/internal/model/investment.go:29.2,29.8 1 0
github.com/vault-pro/backend/internal/model/subscription.go:24.62,25.22 1 0
github.com/vault-pro/backend/internal/model/subscription.go:25.22,27.3 1 0
github.com/vault-pro/backend/internal/model/subscription.go:28.2,28.8 1 0
github.com/vault-pro/backend/internal/model/transaction.go:34.61,35.22 1 0
github.com/vault-pro/backend/internal/model/transaction.go:35.22,37.3 1 0
github.com/vault-pro/backend/internal/model/transaction.go:38.2,38.32 1 0
github.com/vault-pro/backend/internal/model/transaction.go:38.32,40.3 1 0
github.com/vault-pro/backend/internal/model/transaction.go:41.2,41.8 1 0
github.com/vault-pro/backend/internal/model/user.go:20.54,21.22 1 0
github.com/vault-pro/backend/internal/model/user.go:21.22,23.3 1 0
github.com/vault-pro/backend/internal/model/user.go:24.2,24.8 1 0
github.com/vault-pro/backend/internal/handler/investment/investment.go:16.67,18.2 1 0
github.com/vault-pro/backend/internal/handler/investment/investment.go:20.54,23.2 2 0
github.com/vault-pro/backend/internal/handler/investment/investment.go:34.42,37.16 3 0
github.com/vault-pro/backend/internal/handler/investment/investment.go:37.16,40.3 2 0
github.com/vault-pro/backend/internal/handler/investment/investment.go:42.2,42.61 1 0
github.com/vault-pro/backend/internal/handler/investment/investment.go:45.39,48.47 3 0
github.com/vault-pro/backend/internal/handler/investment/investment.go:48.47,51.3 2 0
github.com/vault-pro/backend/internal/handler/investment/investment.go:53.2,54.16 2 0
github.com/vault-pro/backend/internal/handler/investment/investment.go:54.16,57.3 2 0
github.com/vault-pro/backend/internal/handler/investment/investment.go:59.2,59.121 1 0
github.com/vault-pro/backend/cmd/api/main.go:11.13,20.34 4 0
github.com/vault-pro/backend/cmd/api/main.go:20.34,22.3 1 0
